<?xml version="1.0" encoding="UTF-8"?>
<TestRun id="6b79c03f-15e8-4d44-969b-c435f93a84ea" name="zia@ZIA-PC 2015-03-23 04:55:51" runUser="zia-PC\zia" xmlns="http://microsoft.com/schemas/VisualStudio/TeamTest/2010">
  <TestSettings name="Default Test Settings" id="110c446e-3d40-48ff-9fd5-ab5e17f694ce">
    <Deployment userDeploymentRoot="C:\Users\zia\Documents\GitHub\Mvc4Learning1\TestResults" useDefaultDeploymentRoot="false" runDeploymentRoot="zia_ZIA-PC 2015-03-23 04_55_51">
      <DeploymentItem filename="C:\Users\zia\Documents\GitHub\Mvc4Learning1\packages\Microsoft.AspNet.WebPages.2.0.20710.0\lib\net40\System.Web.WebPages.Razor.dll" />
      <DeploymentItem filename="C:\Users\zia\Documents\GitHub\Mvc4Learning1\packages\Microsoft.AspNet.WebApi.Core.4.0.20710.0\lib\net40\System.Web.Http.dll" />
      <DeploymentItem filename="C:\Users\zia\Documents\GitHub\Mvc4Learning1\packages\Microsoft.Net.Http.2.0.20710.0\lib\net40\System.Net.Http.WebRequest.dll" />
      <DeploymentItem filename="C:\Users\zia\Documents\GitHub\Mvc4Learning1\Sudent.BusinessRepository\bin\Debug\Sudent.BusinessRepository.dll" />
      <DeploymentItem filename="C:\Users\zia\Documents\GitHub\Mvc4Learning1\packages\Newtonsoft.Json.4.5.6\lib\net40\Newtonsoft.Json.dll" />
      <DeploymentItem filename="C:\Users\zia\Documents\GitHub\Mvc4Learning1\packages\Moq.4.2.1502.0911\lib\net40\Moq.dll" />
      <DeploymentItem filename="C:\Users\zia\Documents\GitHub\Mvc4Learning1\packages\Microsoft.Web.Infrastructure.1.0.0.0\lib\net40\Microsoft.Web.Infrastructure.dll" />
      <DeploymentItem filename="C:\Users\zia\Documents\GitHub\Mvc4Learning1\packages\Microsoft.AspNet.WebPages.2.0.20710.0\lib\net40\System.Web.Helpers.dll" />
      <DeploymentItem filename="C:\Users\zia\Documents\GitHub\Mvc4Learning1\Mvc4App1\bin\Mvc4App1.dll" />
      <DeploymentItem filename="C:\Users\zia\Documents\GitHub\Mvc4Learning1\packages\EntityFramework.6.1.3\lib\net40\EntityFramework.dll" />
      <DeploymentItem filename="C:\Users\zia\Documents\GitHub\Mvc4Learning1\packages\Microsoft.AspNet.Razor.2.0.20710.0\lib\net40\System.Web.Razor.dll" />
      <DeploymentItem filename="C:\Users\zia\Documents\GitHub\Mvc4Learning1\packages\Microsoft.AspNet.Mvc.4.0.20710.0\lib\net40\System.Web.Mvc.dll" />
      <DeploymentItem filename="C:\Users\zia\Documents\GitHub\Mvc4Learning1\packages\Microsoft.AspNet.WebApi.WebHost.4.0.20710.0\lib\net40\System.Web.Http.WebHost.dll" />
      <DeploymentItem filename="C:\Users\zia\Documents\GitHub\Mvc4Learning1\Student.Interface\bin\Debug\Student.Interface.dll" />
      <DeploymentItem filename="C:\Users\zia\Documents\GitHub\Mvc4Learning1\packages\Microsoft.AspNet.WebPages.2.0.20710.0\lib\net40\System.Web.WebPages.dll" />
      <DeploymentItem filename="C:\Users\zia\Documents\GitHub\Mvc4Learning1\packages\EntityFramework.6.1.3\lib\net40\EntityFramework.SqlServer.dll" />
      <DeploymentItem filename="C:\Users\zia\Documents\GitHub\Mvc4Learning1\packages\Microsoft.AspNet.WebPages.2.0.20710.0\lib\net40\System.Web.WebPages.Deployment.dll" />
      <DeploymentItem filename="C:\Users\zia\Documents\GitHub\Mvc4Learning1\packages\Microsoft.Net.Http.2.0.20710.0\lib\net40\System.Net.Http.dll" />
      <DeploymentItem filename="C:\Users\zia\Documents\GitHub\Mvc4Learning1\packages\Microsoft.AspNet.WebApi.Client.4.0.20710.0\lib\net40\System.Net.Http.Formatting.dll" />
    </Deployment>
    <Execution>
      <TestTypeSpecific />
      <AgentRule name="Execution Agents">
      </AgentRule>
    </Execution>
  </TestSettings>
  <Times creation="2015-03-23T04:55:51.6721741-07:00" queuing="2015-03-23T04:55:56.1564306-07:00" start="2015-03-23T04:55:56.3104394-07:00" finish="2015-03-23T04:58:48.0332614-07:00" />
  <ResultSummary outcome="Warning">
    <Counters total="1" executed="1" passed="1" error="0" failed="0" timeout="0" aborted="0" inconclusive="0" passedButRunAborted="0" notRunnable="0" notExecuted="0" disconnected="0" warning="0" completed="0" inProgress="0" pending="0" />
    <RunInfos>
      <RunInfo computerName="ZIA-PC" outcome="Warning" timestamp="2015-03-23T04:55:52.1612021-07:00">
        <Text>Warning: Test Run deployment issue: The assembly or module 'log4net' directly or indirectly referenced by the test container 'c:\users\zia\documents\github\mvc4learning1\mvc4app1.tests\bin\debug\mvc4app1.tests.dll' was not found.</Text>
      </RunInfo>
      <RunInfo computerName="ZIA-PC" outcome="Warning" timestamp="2015-03-23T04:55:52.1612021-07:00">
        <Text>Warning: Test Run deployment issue: The assembly or module 'Org.Mentalis.Security.Cryptography' directly or indirectly referenced by the test container 'c:\users\zia\documents\github\mvc4learning1\mvc4app1.tests\bin\debug\mvc4app1.tests.dll' was not found.</Text>
      </RunInfo>
    </RunInfos>
  </ResultSummary>
  <TestDefinitions>
    <UnitTest name="Index" storage="c:\users\zia\documents\github\mvc4learning1\mvc4app1.tests\bin\debug\mvc4app1.tests.dll" id="bbcaee7e-e82e-31d7-3ab0-a933eac27909">
      <Execution id="1adee890-0e17-4302-a36b-96ea300a0c1c" />
      <TestMethod codeBase="C:/Users/zia/Documents/GitHub/Mvc4Learning1/Mvc4App1.Tests/bin/Debug/Mvc4App1.Tests.DLL" adapterTypeName="Microsoft.VisualStudio.TestTools.TestTypes.Unit.UnitTestAdapter, Microsoft.VisualStudio.QualityTools.Tips.UnitTest.Adapter, Version=10.0.0.0, Culture=neutral, PublicKeyToken=b03f5f7f11d50a3a" className="Mvc4App1.Tests.Controllers.StudentControllerTest, Mvc4App1.Tests, Version=1.0.0.0, Culture=neutral, PublicKeyToken=null" name="Index" />
    </UnitTest>
  </TestDefinitions>
  <TestLists>
    <TestList name="Results Not in a List" id="8c84fa94-04c1-424b-9868-57a2d4851a1d" />
    <TestList name="All Loaded Results" id="19431567-8539-422a-85d7-44ee4e166bda" />
  </TestLists>
  <TestEntries>
    <TestEntry testId="bbcaee7e-e82e-31d7-3ab0-a933eac27909" executionId="1adee890-0e17-4302-a36b-96ea300a0c1c" testListId="8c84fa94-04c1-424b-9868-57a2d4851a1d" />
  </TestEntries>
  <Results>
    <UnitTestResult executionId="1adee890-0e17-4302-a36b-96ea300a0c1c" testId="bbcaee7e-e82e-31d7-3ab0-a933eac27909" testName="Index" computerName="ZIA-PC" duration="00:02:48.3831053" startTime="2015-03-23T04:55:56.3714429-07:00" endTime="2015-03-23T04:58:46.2161575-07:00" testType="13cdc9d9-ddb5-4fa4-a97d-d965ccfc6d4b" outcome="Passed" testListId="8c84fa94-04c1-424b-9868-57a2d4851a1d" relativeResultsDirectory="1adee890-0e17-4302-a36b-96ea300a0c1c">
    </UnitTestResult>
  </Results>
</TestRun>